<tag>
    <tag></tag>
    <tag>
        <tag type='button'></tag>
    </tag>
</tag>
