<!DOCTYPE html>
<tag>
    <tag></tag>
    <tag>
        <tag type='checkbox'></tag>
    </tag>
</tag>
